<!-- Component: Button -->
<div class="component button">
  <button type="button">Secondary</button>
</div>
<!-- End Component: Button -->
