<!-- Component: Card -->
<div class="component card">
  <div class="card-header">Test Card</div>
  <div class="card-body">This is test content</div>
</div>
<!-- End Component: Card -->
