<!-- Component: Card -->
<div class="component card">
  <div class="card-header">Bordered Card</div>
  <div class="card-body">Content</div>
</div>
<!-- End Component: Card -->
