<!-- Component: Layout -->
<div class="component layout">
  <!DOCTYPE html>
  <html>
  <head><title>Layout</title></head>
  <body>
    <main>Content goes here</main>
  </body>
  </html>
</div>
<!-- End Component: Layout -->
