<!-- Component: TestComponent -->
<div class="component testcomponent">
  <div>Unknown component: TestComponent</div>
</div>
<!-- End Component: TestComponent -->
